data: <IDS|MSG> more: True
data: 2c98df26299445def98e16b6ffa60a2c3d2a4cbe5125958779bb2ea95def447f more: True
data: {"msg_id":"00000000-0000-0000-0000-000000000000","username":"dotnet_kernel","session":"test session","date":"0001-01-01T00:00:00Z","msg_type":"kernel_info_reply","version":"5.3"} more: True
data: null more: True
data: {} more: True
data: {"protocol_version":"5.3","implementation":".NET","implementation_version":"0.0.3","language_info":{"name":"C#","version":"4.0.30319","mimetype":"text/x-csharp","file_extension":".cs","pygments_lexer":"c#"},"banner":null,"help_links":[]} more: False
