data: <IDS|MSG> more: True
data: b27e4588f37f9d106875a3de5082622d4475874432c1973c423c4c44690f9fd9 more: True
data: {"msg_id":"00000000-0000-0000-0000-000000000000","username":"dotnet_kernel","session":"test session","date":"0001-01-01T00:00:00Z","msg_type":"complete_reply","version":"5.3"} more: True
data: null more: True
data: {} more: True
data: {"matches":["Write","WriteLine"],"cursor_start":0,"cursor_end":0,"metadata":{},"status":"ok"} more: False
