[
  {
    "acceptanceUri": null,
    "documentation": {
      "isTrusted": false,
      "value": "Gets or sets the background color of the console.\nReturns: A value that specifies the background color of the console; that is, the color that appears behind each character. The default is black.\nSystem.ArgumentException: The color specified in a set operation is not a valid member of System.ConsoleColor .\nSystem.Security.SecurityException: The user does not have permission to perform this action.\nSystem.IO.IOException: An I/O error occurred."
    },
    "filterText": "BackgroundColor",
    "insertText": "BackgroundColor",
    "kind": 9,
    "label": "BackgroundColor",
    "sortText": "BackgroundColor"
  },
  {
    "acceptanceUri": null,
    "documentation": {
      "isTrusted": false,
      "value": "Plays the sound of a beep through the console speaker.\nSystem.Security.HostProtectionException: This method was executed on a server, such as SQL Server, that does not permit access to a user interface."
    },
    "filterText": "Beep",
    "insertText": "Beep",
    "kind": 1,
    "label": "Beep",
    "sortText": "Beep"
  },
  {
    "acceptanceUri": null,
    "documentation": {
      "isTrusted": false,
      "value": "Gets or sets the height of the buffer area.\nReturns: The current height, in rows, of the buffer area.\nSystem.ArgumentOutOfRangeException: The value in a set operation is less than or equal to zero.   -or-   The value in a set operation is greater than or equal to System.Int16.MaxValue .   -or-   The value in a set operation is less than System.Console.WindowTop + System.Console.WindowHeight .\nSystem.Security.SecurityException: The user does not have permission to perform this action.\nSystem.IO.IOException: An I/O error occurred."
    },
    "filterText": "BufferHeight",
    "insertText": "BufferHeight",
    "kind": 9,
    "label": "BufferHeight",
    "sortText": "BufferHeight"
  },
  {
    "acceptanceUri": null,
    "documentation": {
      "isTrusted": false,
      "value": "Gets or sets the width of the buffer area.\nReturns: The current width, in columns, of the buffer area.\nSystem.ArgumentOutOfRangeException: The value in a set operation is less than or equal to zero.   -or-   The value in a set operation is greater than or equal to System.Int16.MaxValue .   -or-   The value in a set operation is less than System.Console.WindowLeft + System.Console.WindowWidth .\nSystem.Security.SecurityException: The user does not have permission to perform this action.\nSystem.IO.IOException: An I/O error occurred."
    },
    "filterText": "BufferWidth",
    "insertText": "BufferWidth",
    "kind": 9,
    "label": "BufferWidth",
    "sortText": "BufferWidth"
  },
  {
    "acceptanceUri": null,
    "documentation": {
      "isTrusted": false,
      "value": "Occurs when the System.ConsoleModifiers.Control  modifier key (Ctrl) and either the System.ConsoleKey.C  console key (C) or the Break key are pressed simultaneously (Ctrl+C or Ctrl+Break)."
    },
    "filterText": "CancelKeyPress",
    "insertText": "CancelKeyPress",
    "kind": 9,
    "label": "CancelKeyPress",
    "sortText": "CancelKeyPress"
  }
]
