{
  "activeParameter": 0,
  "activeSignature": 0,
  "diagnostics": [
    {
      "end": 201,
      "id": "CS1002",
      "message": "Program.cs(11,29): error CS1002: ; expected",
      "severity": 3,
      "start": 201
    }
  ],
  "signatures": [
    {
      "documentation": {
        "isTrusted": false,
        "value": "Writes the text representation of the specified Boolean value to the standard output stream."
      },
      "label": "void Console.Write(bool value)",
      "name": "Write",
      "parameters": [
        {
          "documentation": {
            "isTrusted": false,
            "value": "**value**: The value to write."
          },
          "label": "bool value",
          "name": "value"
        }
      ]
    }
  ]
}
