{"id":1,"eventType":"CodeSubmissionReceived","event":{"code":"var x = 123;","value":"var x = 123;","command":{"code":"var x = 123;","targetKernelName":null,"submissionType":0}}}
{"id":1,"eventType":"CompleteCodeSubmissionReceived","event":{"code":"var x = 123;","command":{"code":"var x = 123;","targetKernelName":null,"submissionType":0}}}
{"id":1,"eventType":"CommandHandled","event":{"command":{"code":"var x = 123;","targetKernelName":null,"submissionType":0}}}
{"id":2,"eventType":"CodeSubmissionReceived","event":{"code":"x","value":"x","command":{"code":"x","targetKernelName":null,"submissionType":0}}}
{"id":2,"eventType":"CompleteCodeSubmissionReceived","event":{"code":"x","command":{"code":"x","targetKernelName":null,"submissionType":0}}}
{"id":2,"eventType":"ReturnValueProduced","event":{"value":123,"formattedValues":[{"mimeType":"text/plain","value":"123"}],"valueId":null,"command":{"code":"x","targetKernelName":null,"submissionType":0}}}
{"id":2,"eventType":"CommandHandled","event":{"command":{"code":"x","targetKernelName":null,"submissionType":0}}}
