data: <IDS|MSG> more: True
data: c5121da74f5ffb064d676a281b3d48f643c9b26f60929966870dc52572cb7912 more: True
data: {"msg_id":"00000000-0000-0000-0000-000000000000","username":"dotnet_kernel","session":"test session","date":"0001-01-01T00:00:00Z","msg_type":"display_data","version":"5.3"} more: True
data: null more: True
data: {} more: True
data: {"data":{"text/html":"some result","text/plain":"some result"},"metadata":{},"transient":{"display_id":"none"}} more: False
