{"id":-1,"eventType":"CommandParseFailure","event":{"body":"{ hello","command":null}}